Solving relation:
All: 
    %X <-> %Y
    %Y <-> %Z
    %A <-> %Z
    %E <-> %A
    %B <-> %C
    %A <-> %C
    %D <-> %X
    1 -> %X

Solution: [%Y = 1, %X = 1, %Z = 1, %A = 1, %E = 1, %C = 1, %B = 1, %D = 1]
